unpadded: 300
  padded: 304
  spaces: 4
Setting open remote file name to test_data/good1.txt

file size of log = 331
valid_secure_log_security - checking only entry MAC
valid_first_entry - MACs match OK
space index is 256
hash index is 260
second space index is 304
first mac index is 305
first line-ending index is 329
total bytes to send is 331
total passed back is 331
space index is 256
hash index is 260
second space index is 304
first mac index is 305
first line-ending index is 329
total bytes to send is 331
total passed back is 331
File imported OK... trying to append
unpadded: 300
  padded: 304
  spaces: 4
Setting open remote file name to test_data/good2.txt

file size of log = 662
valid_secure_log_security - checking first entry MAC
valid_first_entry - MACs match OK
valid_secure_log_security - checking validity of entry 2
valid_log_entry - hashes match OK
space index is 256
hash index is 260
second space index is 304
first mac index is 305
first line-ending index is 329
total bytes to send is 331
total passed back is 331
space index is 256
hash index is 260
second space index is 304
first mac index is 305
first line-ending index is 329
total bytes to send is 331
total passed back is 331
File imported OK... trying to append
unpadded: 300
  padded: 304
  spaces: 4
Setting open remote file name to test_data/good3.txt

file size of log = 993
valid_secure_log_security - checking first entry MAC
valid_first_entry - MACs match OK
valid_secure_log_security - checking validity of entry 2
valid_log_entry - hashes match OK
valid_secure_log_security - checking validity of entry 3
valid_log_entry - hashes match OK
space index is 256
hash index is 260
second space index is 304
first mac index is 305
first line-ending index is 329
total bytes to send is 331
total passed back is 331
space index is 256
hash index is 260
second space index is 304
first mac index is 305
first line-ending index is 329
total bytes to send is 331
total passed back is 331
File imported OK... trying to append
unpadded: 300
  padded: 304
  spaces: 4
Setting open remote file name to test_data/goodmany.txt

file size of log = 2648
valid_secure_log_security - checking first entry MAC
valid_first_entry - MACs match OK
valid_secure_log_security - checking validity of entry 2
valid_log_entry - hashes match OK
valid_secure_log_security - checking validity of entry 3
valid_log_entry - hashes match OK
valid_secure_log_security - checking validity of entry 4
valid_log_entry - hashes match OK
valid_secure_log_security - checking validity of entry 5
valid_log_entry - hashes match OK
valid_secure_log_security - checking validity of entry 6
valid_log_entry - hashes match OK
valid_secure_log_security - checking validity of entry 7
valid_log_entry - hashes match OK
valid_secure_log_security - checking validity of entry 8
valid_log_entry - hashes match OK
space index is 256
hash index is 260
second space index is 304
first mac index is 305
first line-ending index is 329
total bytes to send is 331
total passed back is 331
space index is 256
hash index is 260
second space index is 304
first mac index is 305
first line-ending index is 329
total bytes to send is 331
total passed back is 331
File imported OK... trying to append
unpadded: 300
  padded: 304
  spaces: 4
Setting open remote file name to test_data/bad1data.txt

file size of log = 331
valid_secure_log_security - checking only entry MAC
valid_first_entry - MACs do not match
File import - verification failed
unpadded: 300
  padded: 304
  spaces: 4
Setting open remote file name to test_data/bad1mac.txt

file size of log = 331
valid_secure_log_security - checking only entry MAC
valid_first_entry - MACs do not match
File import - verification failed
unpadded: 300
  padded: 304
  spaces: 4
Setting open remote file name to test_data/bad3data2.txt

file size of log = 993
valid_secure_log_security - checking first entry MAC
valid_first_entry - MACs match OK
valid_secure_log_security - checking validity of entry 2
valid_log_entry - hashes do not match
File import - verification failed
unpadded: 300
  padded: 304
  spaces: 4
Setting open remote file name to test_data/bad3data3.txt

file size of log = 993
valid_secure_log_security - checking first entry MAC
valid_first_entry - MACs match OK
valid_secure_log_security - checking validity of entry 2
valid_log_entry - hashes match OK
valid_secure_log_security - checking validity of entry 3
valid_log_entry - hashes do not match
File import - verification failed
unpadded: 300
  padded: 304
  spaces: 4
Setting open remote file name to test_data/bad3hash2.txt

file size of log = 993
valid_secure_log_security - checking first entry MAC
valid_first_entry - MACs match OK
valid_secure_log_security - checking validity of entry 2
valid_log_entry - hashes do not match
File import - verification failed
unpadded: 300
  padded: 304
  spaces: 4
Setting open remote file name to test_data/bad3hash3.txt

file size of log = 993
valid_secure_log_security - checking first entry MAC
valid_first_entry - MACs match OK
valid_secure_log_security - checking validity of entry 2
valid_log_entry - hashes match OK
valid_secure_log_security - checking validity of entry 3
valid_log_entry - hashes do not match
File import - verification failed
unpadded: 300
  padded: 304
  spaces: 4
Setting open remote file name to test_data/missing_first_block.txt

file size of log = 662
valid_secure_log_security - checking first entry MAC
valid_first_entry - MACs do not match
File import - verification failed
unpadded: 300
  padded: 304
  spaces: 4
Setting open remote file name to test_data/missing_middle_block.txt

file size of log = 662
valid_secure_log_security - checking first entry MAC
valid_first_entry - MACs match OK
valid_secure_log_security - checking validity of entry 2
valid_log_entry - hashes do not match
File import - verification failed
unpadded: 300
  padded: 304
  spaces: 4
Setting open remote file name to test_data/junk1.txt

file size of log = 331
valid_secure_log_security - checking only entry MAC
Log_IO_Read_Base64_Entry - length wrong
valid_first_entry - MACs do not match
File import - verification failed
