unpadded: 300
  padded: 304
  spaces: 4
Setting open remote file name to test_data/good1.txt

file size of log = 331
Setting open remote file name to test_data/good1.txt

file size of log = 331
file size of log = 331
Number of entries=1
The entry: hello worldxxxxxaaaaaaaaaaaaaaaabbbbbbbbbbbbbbbbccccccccccccccccddddddddddddddddeeeeeeeeeeeeeeeeffffffffffffffffgggggggggggggggghhhhhhhhhhhhhhhhiiiiiiiiiiiiiiiijjjjjjjjjjjjjjjjkkkkkkkkkkkkkkkkllllllllllllllllmmmmmmmmmmmmmmmmnnnnnnnnnnnnnnnnoooooooooooooooo
Hash starts with: 77 13 63 C4
Number of entries=1
The last entry: hello worldxxxxxaaaaaaaaaaaaaaaabbbbbbbbbbbbbbbbccccccccccccccccddddddddddddddddeeeeeeeeeeeeeeeeffffffffffffffffgggggggggggggggghhhhhhhhhhhhhhhhiiiiiiiiiiiiiiiijjjjjjjjjjjjjjjjkkkkkkkkkkkkkkkkllllllllllllllllmmmmmmmmmmmmmmmmnnnnnnnnnnnnnnnnoooooooooooooooo
Hash starts with: 77 13 63 C4
unpadded: 300
  padded: 304
  spaces: 4
Setting open remote file name to test_data/good2.txt

file size of log = 662
Setting open remote file name to test_data/good2.txt

file size of log = 662
file size of log = 662
Number of entries=2
The entry: hello draganxxxxaaaaaaaaaaaaaaaabbbbbbbbbbbbbbbbccccccccccccccccddddddddddddddddeeeeeeeeeeeeeeeeffffffffffffffffgggggggggggggggghhhhhhhhhhhhhhhhiiiiiiiiiiiiiiiijjjjjjjjjjjjjjjjkkkkkkkkkkkkkkkkllllllllllllllllmmmmmmmmmmmmmmmmnnnnnnnnnnnnnnnnoooooooooooooooo
Hash starts with: D7 7C 3E E6
The entry: hello worldxxxxxaaaaaaaaaaaaaaaabbbbbbbbbbbbbbbbccccccccccccccccddddddddddddddddeeeeeeeeeeeeeeeeffffffffffffffffgggggggggggggggghhhhhhhhhhhhhhhhiiiiiiiiiiiiiiiijjjjjjjjjjjjjjjjkkkkkkkkkkkkkkkkllllllllllllllllmmmmmmmmmmmmmmmmnnnnnnnnnnnnnnnnoooooooooooooooo
Hash starts with: 77 13 63 C4
Number of entries=2
The last entry: hello draganxxxxaaaaaaaaaaaaaaaabbbbbbbbbbbbbbbbccccccccccccccccddddddddddddddddeeeeeeeeeeeeeeeeffffffffffffffffgggggggggggggggghhhhhhhhhhhhhhhhiiiiiiiiiiiiiiiijjjjjjjjjjjjjjjjkkkkkkkkkkkkkkkkllllllllllllllllmmmmmmmmmmmmmmmmnnnnnnnnnnnnnnnnoooooooooooooooo
Hash starts with: D7 7C 3E E6
The entry: hello worldxxxxxaaaaaaaaaaaaaaaabbbbbbbbbbbbbbbbccccccccccccccccddddddddddddddddeeeeeeeeeeeeeeeeffffffffffffffffgggggggggggggggghhhhhhhhhhhhhhhhiiiiiiiiiiiiiiiijjjjjjjjjjjjjjjjkkkkkkkkkkkkkkkkllllllllllllllllmmmmmmmmmmmmmmmmnnnnnnnnnnnnnnnnoooooooooooooooo
Hash starts with: 77 13 63 C4
unpadded: 300
  padded: 304
  spaces: 4
Setting open remote file name to test_data/good3.txt

file size of log = 993
Setting open remote file name to test_data/good3.txt

file size of log = 993
file size of log = 993
Number of entries=3
The entry: hello rod   xxxxaaaaaaaaaaaaaaaabbbbbbbbbbbbbbbbccccccccccccccccddddddddddddddddeeeeeeeeeeeeeeeeffffffffffffffffgggggggggggggggghhhhhhhhhhhhhhhhiiiiiiiiiiiiiiiijjjjjjjjjjjjjjjjkkkkkkkkkkkkkkkkllllllllllllllllmmmmmmmmmmmmmmmmnnnnnnnnnnnnnnnnoooooooooooooooo
Hash starts with: 5D  5 75 B1
The entry: hello draganxxxxaaaaaaaaaaaaaaaabbbbbbbbbbbbbbbbccccccccccccccccddddddddddddddddeeeeeeeeeeeeeeeeffffffffffffffffgggggggggggggggghhhhhhhhhhhhhhhhiiiiiiiiiiiiiiiijjjjjjjjjjjjjjjjkkkkkkkkkkkkkkkkllllllllllllllllmmmmmmmmmmmmmmmmnnnnnnnnnnnnnnnnoooooooooooooooo
Hash starts with: D7 7C 3E E6
The entry: hello worldxxxxxaaaaaaaaaaaaaaaabbbbbbbbbbbbbbbbccccccccccccccccddddddddddddddddeeeeeeeeeeeeeeeeffffffffffffffffgggggggggggggggghhhhhhhhhhhhhhhhiiiiiiiiiiiiiiiijjjjjjjjjjjjjjjjkkkkkkkkkkkkkkkkllllllllllllllllmmmmmmmmmmmmmmmmnnnnnnnnnnnnnnnnoooooooooooooooo
Hash starts with: 77 13 63 C4
Number of entries=3
The last entry: hello rod   xxxxaaaaaaaaaaaaaaaabbbbbbbbbbbbbbbbccccccccccccccccddddddddddddddddeeeeeeeeeeeeeeeeffffffffffffffffgggggggggggggggghhhhhhhhhhhhhhhhiiiiiiiiiiiiiiiijjjjjjjjjjjjjjjjkkkkkkkkkkkkkkkkllllllllllllllllmmmmmmmmmmmmmmmmnnnnnnnnnnnnnnnnoooooooooooooooo
Hash starts with: 5D  5 75 B1
The entry: hello draganxxxxaaaaaaaaaaaaaaaabbbbbbbbbbbbbbbbccccccccccccccccddddddddddddddddeeeeeeeeeeeeeeeeffffffffffffffffgggggggggggggggghhhhhhhhhhhhhhhhiiiiiiiiiiiiiiiijjjjjjjjjjjjjjjjkkkkkkkkkkkkkkkkllllllllllllllllmmmmmmmmmmmmmmmmnnnnnnnnnnnnnnnnoooooooooooooooo
Hash starts with: D7 7C 3E E6
The entry: hello worldxxxxxaaaaaaaaaaaaaaaabbbbbbbbbbbbbbbbccccccccccccccccddddddddddddddddeeeeeeeeeeeeeeeeffffffffffffffffgggggggggggggggghhhhhhhhhhhhhhhhiiiiiiiiiiiiiiiijjjjjjjjjjjjjjjjkkkkkkkkkkkkkkkkllllllllllllllllmmmmmmmmmmmmmmmmnnnnnnnnnnnnnnnnoooooooooooooooo
Hash starts with: 77 13 63 C4
unpadded: 300
  padded: 304
  spaces: 4
Setting open remote file name to test_data/goodmany.txt

file size of log = 2648
Setting open remote file name to test_data/goodmany.txt

file size of log = 2648
file size of log = 2648
Number of entries=8
The entry: hello rod6  xxxxaaaaaaaaaaaaaaaabbbbbbbbbbbbbbbbccccccccccccccccddddddddddddddddeeeeeeeeeeeeeeeeffffffffffffffffgggggggggggggggghhhhhhhhhhhhhhhhiiiiiiiiiiiiiiiijjjjjjjjjjjjjjjjkkkkkkkkkkkkkkkkllllllllllllllllmmmmmmmmmmmmmmmmnnnnnnnnnnnnnnnnoooooooooooooooo
Hash starts with: B2 3E E7 2A
The entry: hello rod5  xxxxaaaaaaaaaaaaaaaabbbbbbbbbbbbbbbbccccccccccccccccddddddddddddddddeeeeeeeeeeeeeeeeffffffffffffffffgggggggggggggggghhhhhhhhhhhhhhhhiiiiiiiiiiiiiiiijjjjjjjjjjjjjjjjkkkkkkkkkkkkkkkkllllllllllllllllmmmmmmmmmmmmmmmmnnnnnnnnnnnnnnnnoooooooooooooooo
Hash starts with: B9 E0 44 5A
The entry: hello rod4  xxxxaaaaaaaaaaaaaaaabbbbbbbbbbbbbbbbccccccccccccccccddddddddddddddddeeeeeeeeeeeeeeeeffffffffffffffffgggggggggggggggghhhhhhhhhhhhhhhhiiiiiiiiiiiiiiiijjjjjjjjjjjjjjjjkkkkkkkkkkkkkkkkllllllllllllllllmmmmmmmmmmmmmmmmnnnnnnnnnnnnnnnnoooooooooooooooo
Hash starts with: A4 FC 4E C4
The entry: hello rod3  xxxxaaaaaaaaaaaaaaaabbbbbbbbbbbbbbbbccccccccccccccccddddddddddddddddeeeeeeeeeeeeeeeeffffffffffffffffgggggggggggggggghhhhhhhhhhhhhhhhiiiiiiiiiiiiiiiijjjjjjjjjjjjjjjjkkkkkkkkkkkkkkkkllllllllllllllllmmmmmmmmmmmmmmmmnnnnnnnnnnnnnnnnoooooooooooooooo
Hash starts with: 2D 5B 44 B7
The entry: hello rod2  xxxxaaaaaaaaaaaaaaaabbbbbbbbbbbbbbbbccccccccccccccccddddddddddddddddeeeeeeeeeeeeeeeeffffffffffffffffgggggggggggggggghhhhhhhhhhhhhhhhiiiiiiiiiiiiiiiijjjjjjjjjjjjjjjjkkkkkkkkkkkkkkkkllllllllllllllllmmmmmmmmmmmmmmmmnnnnnnnnnnnnnnnnoooooooooooooooo
Hash starts with: DB 60 26 70
The entry: hello rod   xxxxaaaaaaaaaaaaaaaabbbbbbbbbbbbbbbbccccccccccccccccddddddddddddddddeeeeeeeeeeeeeeeeffffffffffffffffgggggggggggggggghhhhhhhhhhhhhhhhiiiiiiiiiiiiiiiijjjjjjjjjjjjjjjjkkkkkkkkkkkkkkkkllllllllllllllllmmmmmmmmmmmmmmmmnnnnnnnnnnnnnnnnoooooooooooooooo
Hash starts with: 5D  5 75 B1
The entry: hello draganxxxxaaaaaaaaaaaaaaaabbbbbbbbbbbbbbbbccccccccccccccccddddddddddddddddeeeeeeeeeeeeeeeeffffffffffffffffgggggggggggggggghhhhhhhhhhhhhhhhiiiiiiiiiiiiiiiijjjjjjjjjjjjjjjjkkkkkkkkkkkkkkkkllllllllllllllllmmmmmmmmmmmmmmmmnnnnnnnnnnnnnnnnoooooooooooooooo
Hash starts with: D7 7C 3E E6
The entry: hello worldxxxxxaaaaaaaaaaaaaaaabbbbbbbbbbbbbbbbccccccccccccccccddddddddddddddddeeeeeeeeeeeeeeeeffffffffffffffffgggggggggggggggghhhhhhhhhhhhhhhhiiiiiiiiiiiiiiiijjjjjjjjjjjjjjjjkkkkkkkkkkkkkkkkllllllllllllllllmmmmmmmmmmmmmmmmnnnnnnnnnnnnnnnnoooooooooooooooo
Hash starts with: 77 13 63 C4
Number of entries=8
The last entry: hello rod6  xxxxaaaaaaaaaaaaaaaabbbbbbbbbbbbbbbbccccccccccccccccddddddddddddddddeeeeeeeeeeeeeeeeffffffffffffffffgggggggggggggggghhhhhhhhhhhhhhhhiiiiiiiiiiiiiiiijjjjjjjjjjjjjjjjkkkkkkkkkkkkkkkkllllllllllllllllmmmmmmmmmmmmmmmmnnnnnnnnnnnnnnnnoooooooooooooooo
Hash starts with: B2 3E E7 2A
The entry: hello rod5  xxxxaaaaaaaaaaaaaaaabbbbbbbbbbbbbbbbccccccccccccccccddddddddddddddddeeeeeeeeeeeeeeeeffffffffffffffffgggggggggggggggghhhhhhhhhhhhhhhhiiiiiiiiiiiiiiiijjjjjjjjjjjjjjjjkkkkkkkkkkkkkkkkllllllllllllllllmmmmmmmmmmmmmmmmnnnnnnnnnnnnnnnnoooooooooooooooo
Hash starts with: B9 E0 44 5A
The entry: hello rod4  xxxxaaaaaaaaaaaaaaaabbbbbbbbbbbbbbbbccccccccccccccccddddddddddddddddeeeeeeeeeeeeeeeeffffffffffffffffgggggggggggggggghhhhhhhhhhhhhhhhiiiiiiiiiiiiiiiijjjjjjjjjjjjjjjjkkkkkkkkkkkkkkkkllllllllllllllllmmmmmmmmmmmmmmmmnnnnnnnnnnnnnnnnoooooooooooooooo
Hash starts with: A4 FC 4E C4
The entry: hello rod3  xxxxaaaaaaaaaaaaaaaabbbbbbbbbbbbbbbbccccccccccccccccddddddddddddddddeeeeeeeeeeeeeeeeffffffffffffffffgggggggggggggggghhhhhhhhhhhhhhhhiiiiiiiiiiiiiiiijjjjjjjjjjjjjjjjkkkkkkkkkkkkkkkkllllllllllllllllmmmmmmmmmmmmmmmmnnnnnnnnnnnnnnnnoooooooooooooooo
Hash starts with: 2D 5B 44 B7
The entry: hello rod2  xxxxaaaaaaaaaaaaaaaabbbbbbbbbbbbbbbbccccccccccccccccddddddddddddddddeeeeeeeeeeeeeeeeffffffffffffffffgggggggggggggggghhhhhhhhhhhhhhhhiiiiiiiiiiiiiiiijjjjjjjjjjjjjjjjkkkkkkkkkkkkkkkkllllllllllllllllmmmmmmmmmmmmmmmmnnnnnnnnnnnnnnnnoooooooooooooooo
Hash starts with: DB 60 26 70
The entry: hello rod   xxxxaaaaaaaaaaaaaaaabbbbbbbbbbbbbbbbccccccccccccccccddddddddddddddddeeeeeeeeeeeeeeeeffffffffffffffffgggggggggggggggghhhhhhhhhhhhhhhhiiiiiiiiiiiiiiiijjjjjjjjjjjjjjjjkkkkkkkkkkkkkkkkllllllllllllllllmmmmmmmmmmmmmmmmnnnnnnnnnnnnnnnnoooooooooooooooo
Hash starts with: 5D  5 75 B1
The entry: hello draganxxxxaaaaaaaaaaaaaaaabbbbbbbbbbbbbbbbccccccccccccccccddddddddddddddddeeeeeeeeeeeeeeeeffffffffffffffffgggggggggggggggghhhhhhhhhhhhhhhhiiiiiiiiiiiiiiiijjjjjjjjjjjjjjjjkkkkkkkkkkkkkkkkllllllllllllllllmmmmmmmmmmmmmmmmnnnnnnnnnnnnnnnnoooooooooooooooo
Hash starts with: D7 7C 3E E6
The entry: hello worldxxxxxaaaaaaaaaaaaaaaabbbbbbbbbbbbbbbbccccccccccccccccddddddddddddddddeeeeeeeeeeeeeeeeffffffffffffffffgggggggggggggggghhhhhhhhhhhhhhhhiiiiiiiiiiiiiiiijjjjjjjjjjjjjjjjkkkkkkkkkkkkkkkkllllllllllllllllmmmmmmmmmmmmmmmmnnnnnnnnnnnnnnnnoooooooooooooooo
Hash starts with: 77 13 63 C4
unpadded: 300
  padded: 304
  spaces: 4
Setting open remote file name to test_data/bad1data.txt

file size of log = 331
Setting open remote file name to test_data/bad1data.txt

file size of log = 331
file size of log = 331
Number of entries=1
The entry: hello Worldxxxxxaaaaaaaaaaaaaaaabbbbbbbbbbbbbbbbccccccccccccccccddddddddddddddddeeeeeeeeeeeeeeeeffffffffffffffffgggggggggggggggghhhhhhhhhhhhhhhhiiiiiiiiiiiiiiiijjjjjjjjjjjjjjjjkkkkkkkkkkkkkkkkllllllllllllllllmmmmmmmmmmmmmmmmnnnnnnnnnnnnnnnnoooooooooooooooo
Hash starts with: 77 13 63 C4
Number of entries=1
The last entry: hello Worldxxxxxaaaaaaaaaaaaaaaabbbbbbbbbbbbbbbbccccccccccccccccddddddddddddddddeeeeeeeeeeeeeeeeffffffffffffffffgggggggggggggggghhhhhhhhhhhhhhhhiiiiiiiiiiiiiiiijjjjjjjjjjjjjjjjkkkkkkkkkkkkkkkkllllllllllllllllmmmmmmmmmmmmmmmmnnnnnnnnnnnnnnnnoooooooooooooooo
Hash starts with: 77 13 63 C4
unpadded: 300
  padded: 304
  spaces: 4
Setting open remote file name to test_data/bad1mac.txt

file size of log = 331
Setting open remote file name to test_data/bad1mac.txt

file size of log = 331
file size of log = 331
Number of entries=1
The entry: hello worldxxxxxaaaaaaaaaaaaaaaabbbbbbbbbbbbbbbbccccccccccccccccddddddddddddddddeeeeeeeeeeeeeeeeffffffffffffffffgggggggggggggggghhhhhhhhhhhhhhhhiiiiiiiiiiiiiiiijjjjjjjjjjjjjjjjkkkkkkkkkkkkkkkkllllllllllllllllmmmmmmmmmmmmmmmmnnnnnnnnnnnnnnnnoooooooooooooooo
Hash starts with: 75 93 63 C4
Number of entries=1
The last entry: hello worldxxxxxaaaaaaaaaaaaaaaabbbbbbbbbbbbbbbbccccccccccccccccddddddddddddddddeeeeeeeeeeeeeeeeffffffffffffffffgggggggggggggggghhhhhhhhhhhhhhhhiiiiiiiiiiiiiiiijjjjjjjjjjjjjjjjkkkkkkkkkkkkkkkkllllllllllllllllmmmmmmmmmmmmmmmmnnnnnnnnnnnnnnnnoooooooooooooooo
Hash starts with: 75 93 63 C4
unpadded: 300
  padded: 304
  spaces: 4
Setting open remote file name to test_data/bad3data2.txt

file size of log = 993
Setting open remote file name to test_data/bad3data2.txt

file size of log = 993
file size of log = 993
Number of entries=3
The entry: hello rod   xxxxaaaaaaaaaaaaaaaabbbbbbbbbbbbbbbbccccccccccccccccddddddddddddddddeeeeeeeeeeeeeeeeffffffffffffffffgggggggggggggggghhhhhhhhhhhhhhhhiiiiiiiiiiiiiiiijjjjjjjjjjjjjjjjkkkkkkkkkkkkkkkkllllllllllllllllmmmmmmmmmmmmmmmmnnnnnnnnnnnnnnnnoooooooooooooooo
Hash starts with: 5D  5 75 B1
The entry: hello dRaganxxxxaaaaaaaaaaaaaaaabbbbbbbbbbbbbbbbccccccccccccccccddddddddddddddddeeeeeeeeeeeeeeeeffffffffffffffffgggggggggggggggghhhhhhhhhhhhhhhhiiiiiiiiiiiiiiiijjjjjjjjjjjjjjjjkkkkkkkkkkkkkkkkllllllllllllllllmmmmmmmmmmmmmmmmnnnnnnnnnnnnnnnnoooooooooooooooo
Hash starts with: D7 7C 3E E6
The entry: hello worldxxxxxaaaaaaaaaaaaaaaabbbbbbbbbbbbbbbbccccccccccccccccddddddddddddddddeeeeeeeeeeeeeeeeffffffffffffffffgggggggggggggggghhhhhhhhhhhhhhhhiiiiiiiiiiiiiiiijjjjjjjjjjjjjjjjkkkkkkkkkkkkkkkkllllllllllllllllmmmmmmmmmmmmmmmmnnnnnnnnnnnnnnnnoooooooooooooooo
Hash starts with: 77 13 63 C4
Number of entries=3
The last entry: hello rod   xxxxaaaaaaaaaaaaaaaabbbbbbbbbbbbbbbbccccccccccccccccddddddddddddddddeeeeeeeeeeeeeeeeffffffffffffffffgggggggggggggggghhhhhhhhhhhhhhhhiiiiiiiiiiiiiiiijjjjjjjjjjjjjjjjkkkkkkkkkkkkkkkkllllllllllllllllmmmmmmmmmmmmmmmmnnnnnnnnnnnnnnnnoooooooooooooooo
Hash starts with: 5D  5 75 B1
The entry: hello dRaganxxxxaaaaaaaaaaaaaaaabbbbbbbbbbbbbbbbccccccccccccccccddddddddddddddddeeeeeeeeeeeeeeeeffffffffffffffffgggggggggggggggghhhhhhhhhhhhhhhhiiiiiiiiiiiiiiiijjjjjjjjjjjjjjjjkkkkkkkkkkkkkkkkllllllllllllllllmmmmmmmmmmmmmmmmnnnnnnnnnnnnnnnnoooooooooooooooo
Hash starts with: D7 7C 3E E6
The entry: hello worldxxxxxaaaaaaaaaaaaaaaabbbbbbbbbbbbbbbbccccccccccccccccddddddddddddddddeeeeeeeeeeeeeeeeffffffffffffffffgggggggggggggggghhhhhhhhhhhhhhhhiiiiiiiiiiiiiiiijjjjjjjjjjjjjjjjkkkkkkkkkkkkkkkkllllllllllllllllmmmmmmmmmmmmmmmmnnnnnnnnnnnnnnnnoooooooooooooooo
Hash starts with: 77 13 63 C4
unpadded: 300
  padded: 304
  spaces: 4
Setting open remote file name to test_data/bad3data3.txt

file size of log = 993
Setting open remote file name to test_data/bad3data3.txt

file size of log = 993
file size of log = 993
Number of entries=3
The entry: hello Rod   xxxxaaaaaaaaaaaaaaaabbbbbbbbbbbbbbbbccccccccccccccccddddddddddddddddeeeeeeeeeeeeeeeeffffffffffffffffgggggggggggggggghhhhhhhhhhhhhhhhiiiiiiiiiiiiiiiijjjjjjjjjjjjjjjjkkkkkkkkkkkkkkkkllllllllllllllllmmmmmmmmmmmmmmmmnnnnnnnnnnnnnnnnoooooooooooooooo
Hash starts with: 5D  5 75 B1
The entry: hello draganxxxxaaaaaaaaaaaaaaaabbbbbbbbbbbbbbbbccccccccccccccccddddddddddddddddeeeeeeeeeeeeeeeeffffffffffffffffgggggggggggggggghhhhhhhhhhhhhhhhiiiiiiiiiiiiiiiijjjjjjjjjjjjjjjjkkkkkkkkkkkkkkkkllllllllllllllllmmmmmmmmmmmmmmmmnnnnnnnnnnnnnnnnoooooooooooooooo
Hash starts with: D7 7C 3E E6
The entry: hello worldxxxxxaaaaaaaaaaaaaaaabbbbbbbbbbbbbbbbccccccccccccccccddddddddddddddddeeeeeeeeeeeeeeeeffffffffffffffffgggggggggggggggghhhhhhhhhhhhhhhhiiiiiiiiiiiiiiiijjjjjjjjjjjjjjjjkkkkkkkkkkkkkkkkllllllllllllllllmmmmmmmmmmmmmmmmnnnnnnnnnnnnnnnnoooooooooooooooo
Hash starts with: 77 13 63 C4
Number of entries=3
The last entry: hello Rod   xxxxaaaaaaaaaaaaaaaabbbbbbbbbbbbbbbbccccccccccccccccddddddddddddddddeeeeeeeeeeeeeeeeffffffffffffffffgggggggggggggggghhhhhhhhhhhhhhhhiiiiiiiiiiiiiiiijjjjjjjjjjjjjjjjkkkkkkkkkkkkkkkkllllllllllllllllmmmmmmmmmmmmmmmmnnnnnnnnnnnnnnnnoooooooooooooooo
Hash starts with: 5D  5 75 B1
The entry: hello draganxxxxaaaaaaaaaaaaaaaabbbbbbbbbbbbbbbbccccccccccccccccddddddddddddddddeeeeeeeeeeeeeeeeffffffffffffffffgggggggggggggggghhhhhhhhhhhhhhhhiiiiiiiiiiiiiiiijjjjjjjjjjjjjjjjkkkkkkkkkkkkkkkkllllllllllllllllmmmmmmmmmmmmmmmmnnnnnnnnnnnnnnnnoooooooooooooooo
Hash starts with: D7 7C 3E E6
The entry: hello worldxxxxxaaaaaaaaaaaaaaaabbbbbbbbbbbbbbbbccccccccccccccccddddddddddddddddeeeeeeeeeeeeeeeeffffffffffffffffgggggggggggggggghhhhhhhhhhhhhhhhiiiiiiiiiiiiiiiijjjjjjjjjjjjjjjjkkkkkkkkkkkkkkkkllllllllllllllllmmmmmmmmmmmmmmmmnnnnnnnnnnnnnnnnoooooooooooooooo
Hash starts with: 77 13 63 C4
unpadded: 300
  padded: 304
  spaces: 4
Setting open remote file name to test_data/bad3hash2.txt

file size of log = 993
Setting open remote file name to test_data/bad3hash2.txt

file size of log = 993
file size of log = 993
Number of entries=3
The entry: hello rod   xxxxaaaaaaaaaaaaaaaabbbbbbbbbbbbbbbbccccccccccccccccddddddddddddddddeeeeeeeeeeeeeeeeffffffffffffffffgggggggggggggggghhhhhhhhhhhhhhhhiiiiiiiiiiiiiiiijjjjjjjjjjjjjjjjkkkkkkkkkkkkkkkkllllllllllllllllmmmmmmmmmmmmmmmmnnnnnnnnnnnnnnnnoooooooooooooooo
Hash starts with: 5D  5 75 B1
The entry: hello draganxxxxaaaaaaaaaaaaaaaabbbbbbbbbbbbbbbbccccccccccccccccddddddddddddddddeeeeeeeeeeeeeeeeffffffffffffffffgggggggggggggggghhhhhhhhhhhhhhhhiiiiiiiiiiiiiiiijjjjjjjjjjjjjjjjkkkkkkkkkkkkkkkkllllllllllllllllmmmmmmmmmmmmmmmmnnnnnnnnnnnnnnnnoooooooooooooooo
Hash starts with: D7 8C 3E E6
The entry: hello worldxxxxxaaaaaaaaaaaaaaaabbbbbbbbbbbbbbbbccccccccccccccccddddddddddddddddeeeeeeeeeeeeeeeeffffffffffffffffgggggggggggggggghhhhhhhhhhhhhhhhiiiiiiiiiiiiiiiijjjjjjjjjjjjjjjjkkkkkkkkkkkkkkkkllllllllllllllllmmmmmmmmmmmmmmmmnnnnnnnnnnnnnnnnoooooooooooooooo
Hash starts with: 77 13 63 C4
Number of entries=3
The last entry: hello rod   xxxxaaaaaaaaaaaaaaaabbbbbbbbbbbbbbbbccccccccccccccccddddddddddddddddeeeeeeeeeeeeeeeeffffffffffffffffgggggggggggggggghhhhhhhhhhhhhhhhiiiiiiiiiiiiiiiijjjjjjjjjjjjjjjjkkkkkkkkkkkkkkkkllllllllllllllllmmmmmmmmmmmmmmmmnnnnnnnnnnnnnnnnoooooooooooooooo
Hash starts with: 5D  5 75 B1
The entry: hello draganxxxxaaaaaaaaaaaaaaaabbbbbbbbbbbbbbbbccccccccccccccccddddddddddddddddeeeeeeeeeeeeeeeeffffffffffffffffgggggggggggggggghhhhhhhhhhhhhhhhiiiiiiiiiiiiiiiijjjjjjjjjjjjjjjjkkkkkkkkkkkkkkkkllllllllllllllllmmmmmmmmmmmmmmmmnnnnnnnnnnnnnnnnoooooooooooooooo
Hash starts with: D7 8C 3E E6
The entry: hello worldxxxxxaaaaaaaaaaaaaaaabbbbbbbbbbbbbbbbccccccccccccccccddddddddddddddddeeeeeeeeeeeeeeeeffffffffffffffffgggggggggggggggghhhhhhhhhhhhhhhhiiiiiiiiiiiiiiiijjjjjjjjjjjjjjjjkkkkkkkkkkkkkkkkllllllllllllllllmmmmmmmmmmmmmmmmnnnnnnnnnnnnnnnnoooooooooooooooo
Hash starts with: 77 13 63 C4
unpadded: 300
  padded: 304
  spaces: 4
Setting open remote file name to test_data/bad3hash3.txt

file size of log = 993
Setting open remote file name to test_data/bad3hash3.txt

file size of log = 993
file size of log = 993
Number of entries=3
The entry: hello rod   xxxxaaaaaaaaaaaaaaaabbbbbbbbbbbbbbbbccccccccccccccccddddddddddddddddeeeeeeeeeeeeeeeeffffffffffffffffgggggggggggggggghhhhhhhhhhhhhhhhiiiiiiiiiiiiiiiijjjjjjjjjjjjjjjjkkkkkkkkkkkkkkkkllllllllllllllllmmmmmmmmmmmmmmmmnnnnnnnnnnnnnnnnoooooooooooooooo
Hash starts with: 5D  5 76 B1
The entry: hello draganxxxxaaaaaaaaaaaaaaaabbbbbbbbbbbbbbbbccccccccccccccccddddddddddddddddeeeeeeeeeeeeeeeeffffffffffffffffgggggggggggggggghhhhhhhhhhhhhhhhiiiiiiiiiiiiiiiijjjjjjjjjjjjjjjjkkkkkkkkkkkkkkkkllllllllllllllllmmmmmmmmmmmmmmmmnnnnnnnnnnnnnnnnoooooooooooooooo
Hash starts with: D7 7C 3E E6
The entry: hello worldxxxxxaaaaaaaaaaaaaaaabbbbbbbbbbbbbbbbccccccccccccccccddddddddddddddddeeeeeeeeeeeeeeeeffffffffffffffffgggggggggggggggghhhhhhhhhhhhhhhhiiiiiiiiiiiiiiiijjjjjjjjjjjjjjjjkkkkkkkkkkkkkkkkllllllllllllllllmmmmmmmmmmmmmmmmnnnnnnnnnnnnnnnnoooooooooooooooo
Hash starts with: 77 13 63 C4
Number of entries=3
The last entry: hello rod   xxxxaaaaaaaaaaaaaaaabbbbbbbbbbbbbbbbccccccccccccccccddddddddddddddddeeeeeeeeeeeeeeeeffffffffffffffffgggggggggggggggghhhhhhhhhhhhhhhhiiiiiiiiiiiiiiiijjjjjjjjjjjjjjjjkkkkkkkkkkkkkkkkllllllllllllllllmmmmmmmmmmmmmmmmnnnnnnnnnnnnnnnnoooooooooooooooo
Hash starts with: 5D  5 76 B1
The entry: hello draganxxxxaaaaaaaaaaaaaaaabbbbbbbbbbbbbbbbccccccccccccccccddddddddddddddddeeeeeeeeeeeeeeeeffffffffffffffffgggggggggggggggghhhhhhhhhhhhhhhhiiiiiiiiiiiiiiiijjjjjjjjjjjjjjjjkkkkkkkkkkkkkkkkllllllllllllllllmmmmmmmmmmmmmmmmnnnnnnnnnnnnnnnnoooooooooooooooo
Hash starts with: D7 7C 3E E6
The entry: hello worldxxxxxaaaaaaaaaaaaaaaabbbbbbbbbbbbbbbbccccccccccccccccddddddddddddddddeeeeeeeeeeeeeeeeffffffffffffffffgggggggggggggggghhhhhhhhhhhhhhhhiiiiiiiiiiiiiiiijjjjjjjjjjjjjjjjkkkkkkkkkkkkkkkkllllllllllllllllmmmmmmmmmmmmmmmmnnnnnnnnnnnnnnnnoooooooooooooooo
Hash starts with: 77 13 63 C4
unpadded: 300
  padded: 304
  spaces: 4
Setting open remote file name to test_data/missing_first_block.txt

file size of log = 662
Setting open remote file name to test_data/missing_first_block.txt

file size of log = 662
file size of log = 662
Number of entries=2
The entry: hello rod   xxxxaaaaaaaaaaaaaaaabbbbbbbbbbbbbbbbccccccccccccccccddddddddddddddddeeeeeeeeeeeeeeeeffffffffffffffffgggggggggggggggghhhhhhhhhhhhhhhhiiiiiiiiiiiiiiiijjjjjjjjjjjjjjjjkkkkkkkkkkkkkkkkllllllllllllllllmmmmmmmmmmmmmmmmnnnnnnnnnnnnnnnnoooooooooooooooo
Hash starts with: 5D  5 75 B1
The entry: hello draganxxxxaaaaaaaaaaaaaaaabbbbbbbbbbbbbbbbccccccccccccccccddddddddddddddddeeeeeeeeeeeeeeeeffffffffffffffffgggggggggggggggghhhhhhhhhhhhhhhhiiiiiiiiiiiiiiiijjjjjjjjjjjjjjjjkkkkkkkkkkkkkkkkllllllllllllllllmmmmmmmmmmmmmmmmnnnnnnnnnnnnnnnnoooooooooooooooo
Hash starts with: D7 7C 3E E6
Number of entries=2
The last entry: hello rod   xxxxaaaaaaaaaaaaaaaabbbbbbbbbbbbbbbbccccccccccccccccddddddddddddddddeeeeeeeeeeeeeeeeffffffffffffffffgggggggggggggggghhhhhhhhhhhhhhhhiiiiiiiiiiiiiiiijjjjjjjjjjjjjjjjkkkkkkkkkkkkkkkkllllllllllllllllmmmmmmmmmmmmmmmmnnnnnnnnnnnnnnnnoooooooooooooooo
Hash starts with: 5D  5 75 B1
The entry: hello draganxxxxaaaaaaaaaaaaaaaabbbbbbbbbbbbbbbbccccccccccccccccddddddddddddddddeeeeeeeeeeeeeeeeffffffffffffffffgggggggggggggggghhhhhhhhhhhhhhhhiiiiiiiiiiiiiiiijjjjjjjjjjjjjjjjkkkkkkkkkkkkkkkkllllllllllllllllmmmmmmmmmmmmmmmmnnnnnnnnnnnnnnnnoooooooooooooooo
Hash starts with: D7 7C 3E E6
unpadded: 300
  padded: 304
  spaces: 4
Setting open remote file name to test_data/missing_middle_block.txt

file size of log = 662
Setting open remote file name to test_data/missing_middle_block.txt

file size of log = 662
file size of log = 662
Number of entries=2
The entry: hello rod   xxxxaaaaaaaaaaaaaaaabbbbbbbbbbbbbbbbccccccccccccccccddddddddddddddddeeeeeeeeeeeeeeeeffffffffffffffffgggggggggggggggghhhhhhhhhhhhhhhhiiiiiiiiiiiiiiiijjjjjjjjjjjjjjjjkkkkkkkkkkkkkkkkllllllllllllllllmmmmmmmmmmmmmmmmnnnnnnnnnnnnnnnnoooooooooooooooo
Hash starts with: 5D  5 75 B1
The entry: hello worldxxxxxaaaaaaaaaaaaaaaabbbbbbbbbbbbbbbbccccccccccccccccddddddddddddddddeeeeeeeeeeeeeeeeffffffffffffffffgggggggggggggggghhhhhhhhhhhhhhhhiiiiiiiiiiiiiiiijjjjjjjjjjjjjjjjkkkkkkkkkkkkkkkkllllllllllllllllmmmmmmmmmmmmmmmmnnnnnnnnnnnnnnnnoooooooooooooooo
Hash starts with: 77 13 63 C4
Number of entries=2
The last entry: hello rod   xxxxaaaaaaaaaaaaaaaabbbbbbbbbbbbbbbbccccccccccccccccddddddddddddddddeeeeeeeeeeeeeeeeffffffffffffffffgggggggggggggggghhhhhhhhhhhhhhhhiiiiiiiiiiiiiiiijjjjjjjjjjjjjjjjkkkkkkkkkkkkkkkkllllllllllllllllmmmmmmmmmmmmmmmmnnnnnnnnnnnnnnnnoooooooooooooooo
Hash starts with: 5D  5 75 B1
The entry: hello worldxxxxxaaaaaaaaaaaaaaaabbbbbbbbbbbbbbbbccccccccccccccccddddddddddddddddeeeeeeeeeeeeeeeeffffffffffffffffgggggggggggggggghhhhhhhhhhhhhhhhiiiiiiiiiiiiiiiijjjjjjjjjjjjjjjjkkkkkkkkkkkkkkkkllllllllllllllllmmmmmmmmmmmmmmmmnnnnnnnnnnnnnnnnoooooooooooooooo
Hash starts with: 77 13 63 C4
unpadded: 300
  padded: 304
  spaces: 4
Setting open remote file name to test_data/junk1.txt

file size of log = 331
Log_IO_Read_Base64_Entry - length wrong
Setting open remote file name to test_data/junk1.txt

file size of log = 331
file size of log = 331
Log_IO_Read_Base64_Entry - length wrong
Number of entries=1
The entry:                                                                                                                                                                                                                                                                 
Hash starts with:  0  0  0  0
Number of entries=1
The last entry:                                                                                                                                                                                                                                                                 
Hash starts with:  0  0  0  0
